// Jest Snapshot v1, https://goo.gl/fbAQLP

exports[`App renders and matches snapshot 1`] = `
<div
  className="sc-bdVaJa jLZiFJ"
>
  <textarea
    className="sc-bwzfXH hxIJCZ"
    id="editor"
    onChange={[Function]}
    placeholder="Begin typing here ..."
    value="
    # a header (H1 size)
    ## a sub header (H2 size)
    [a link]
    \`inline code\`  
    \`\`\`a code block\`\`\`  
    1. a list item
    > a blockquote  
    ![an image](https://cdn.vox-cdn.com/thumbor/YqrPXWiAFv9TuM0tUi_i1pZEPyE=/0x0:512x512/920x0/filters:focal(0x0:512x512):format(webp)/cdn.vox-cdn.com/uploads/chorus_asset/file/6808705/Cat_101.0.png)
    **and bolded text**"
  />
</div>
`;
