// Jest Snapshot v1, https://goo.gl/fbAQLP

exports[`App renders and matches snapshot 1`] = `
<div
  className="sc-bdVaJa dECICN"
  id="preview"
>
  <div>
    <h1>
      a header (H1 size)
    </h1>
    <h2>
      a sub header (H2 size)
    </h2>
    <p>
        
      <a
        href=""
      >
        a link
      </a>
      
        
      <code>
        inline code
      </code>
      <br />
        
      <code>
        a code block
      </code>
      <br />
        1. a list item
    </p>
    <blockquote>
      <p>
        a blockquote
        <br />
          
        <img
          alt="an image"
          src="https://cdn.vox-cdn.com/thumbor/YqrPXWiAFv9TuM0tUi_i1pZEPyE=/0x0:512x512/920x0/filters:focal(0x0:512x512):format(webp)/cdn.vox-cdn.com/uploads/chorus_asset/file/6808705/Cat_101.0.png"
        />
        
          
        <strong>
          and bolded text
        </strong>
      </p>
    </blockquote>
  </div>
</div>
`;
